// Jest Snapshot v1, https://goo.gl/fbAQLP

exports[`Movie dashboard should match snapshot 1`] = `
Array [
  <div>
    <div>
      <label>
        MOVIE DASHBOARD
      </label>
      <br />
      <br />
      <label>
        MOVIE ID
      </label>
      <input
        data-testid="movieId"
        onChange={[Function]}
        placeholder="Movie Id"
        value=""
      />
      <label>
        Number of tickets to book
      </label>
      <input
        data-testid="noOfTicket"
        onChange={[Function]}
        pattern="[0-9]*"
        placeholder="no of tickets"
        type="text"
        value={0}
      />
      <button
        data-testid="bookButton"
        id="bookbtn"
        onClick={[Function]}
      >
        Book
      </button>
      <label>
        
      </label>
    </div>
    <br />
    <br />
    <div>
      <table>
        <tr>
          <th>
            Movie name
          </th>
          <th>
            ID
          </th>
          <th>
            Total tickets
          </th>
          <th>
            Booked
          </th>
        </tr>
      </table>
    </div>
    <br />
    <div>
      <table>
        <tr>
          <th
            id="total"
          >
             Total 
          </th>
        </tr>
        <tr>
          <td
            id="availableTicket"
          >
            Available Tickets: 
            0
          </td>
        </tr>
        <tr>
          <td
            id="bookedTicket"
          >
            Booked Count: 
            0
          </td>
        </tr>
      </table>
    </div>
  </div>,
]
`;
